[2026-09-08 22:46:19] [Render thread/INFO] [CustomSkinLoader Core]: CustomSkinLoader 14.27
[2026-09-08 22:46:19] [Render thread/INFO] [CustomSkinLoader Core]: DataDir: C:\Users\gibri\Downloads\fari\finalb\game\CustomSkinLoader
[2026-09-08 22:46:19] [Render thread/INFO] [CustomSkinLoader Core]: Operating System: Windows 11 (amd64) version 10.0
[2026-09-08 22:46:19] [Render thread/INFO] [CustomSkinLoader Core]: Java Version: 21.0.12.1, Eclipse Adoptium
[2026-09-08 22:46:19] [Render thread/INFO] [CustomSkinLoader Core]: Java VM Version: OpenJDK 64-Bit Server VM (mixed mode, sharing), Eclipse Adoptium
[2026-09-08 22:46:19] [Render thread/INFO] [CustomSkinLoader Core]: Minecraft: 1.21.1
[2026-09-08 22:46:19] [Render thread/INFO] [CustomSkinLoader Core]: Config File: C:\Users\gibri\Downloads\fari\finalb\game\CustomSkinLoader\CustomSkinLoader.json
[2026-09-08 22:46:19] [Render thread/INFO] [CustomSkinLoader Core]: Try to load config.
[2026-09-08 22:46:19] [Render thread/INFO] [CustomSkinLoader Core]: Successfully load config.
[2026-09-08 22:46:19] [Render thread/INFO] [CustomSkinLoader Core]: Add a profile loader: GameProfile
[2026-09-08 22:46:19] [Render thread/INFO] [CustomSkinLoader Core]: Add a profile loader: MojangAPI
[2026-09-08 22:46:19] [Render thread/INFO] [CustomSkinLoader Core]: Add a profile loader: Legacy
[2026-09-08 22:46:19] [Render thread/INFO] [CustomSkinLoader Core]: Add a profile loader: CustomSkinAPI
[2026-09-08 22:46:19] [Render thread/INFO] [CustomSkinLoader Core]: Add a profile loader: CustomSKinAPIPlus
[2026-09-08 22:46:19] [Render thread/INFO] [CustomSkinLoader Core]: Add a profile loader: UniSkinAPI
[2026-09-08 22:46:19] [Render thread/INFO] [CustomSkinLoader Core]: Add a profile loader: ElyByAPI
[2026-09-08 22:46:19] [Render thread/INFO] [CustomSkinLoader Core]: Add a profile loader: GlitchlessAPI
[2026-09-08 22:46:19] [Render thread/INFO] [CustomSkinLoader Core]: Add a profile loader: MinecraftCapesAPI
[2026-09-08 22:46:19] [Render thread/INFO] [CustomSkinLoader Core]: Add a profile loader: WynntilsAPI
[2026-09-08 22:46:19] [Render thread/INFO] [CustomSkinLoader Core]: Successfully update config.
[2026-09-08 22:46:19] [Render thread/INFO] [CustomSkinLoader Core]: version : 14.27
[2026-09-08 22:46:19] [Render thread/INFO] [CustomSkinLoader Core]: buildNumber : 37
[2026-09-08 22:46:19] [Render thread/INFO] [CustomSkinLoader Core]: loadlist : [{ "name": "LocalSkin", "type": "Legacy", "checkPNG": "false", "skin": "LocalSkin/skins/{USERNAME}.png", "model": "auto", "cape": "LocalSkin/capes/{USERNAME}.png", "elytra": "LocalSkin/elytras/{USERNAME}.png" }, { "name": "GameProfile", "type": "GameProfile" }, { "name": "Mojang", "type": "MojangAPI", "apiRoot": "https://api.mojang.com/", "sessionRoot": "https://sessionserver.mojang.com/" }, { "name": "LittleSkin", "type": "CustomSkinAPI", "root": "https://littleskin.cn/csl/" }, { "name": "BlessingSkin", "type": "CustomSkinAPI", "root": "https://skin.prinzeugen.net/" }, { "name": "ElyBy", "type": "ElyByAPI", "root": "http://skinsystem.ely.by/textures/" }, { "name": "SkinMe", "type": "UniSkinAPI", "root": "http://www.skinme.cc/uniskin/" }, { "name": "TLauncher", "type": "ElyByAPI", "root": "https://auth.tlauncher.org/skin/profile/texture/login/" }, { "name": "GlitchlessGames", "type": "GlitchlessAPI", "root": "https://games.glitchless.ru/api/minecraft/users/profiles/textures/?nickname=" }, { "name": "MinecraftCapes", "type": "MinecraftCapesAPI", "root": "https://api.minecraftcapes.net/profile/" }, { "name": "OptiFine", "type": "Legacy", "checkPNG": "false", "model": "auto", "cape": "https://optifine.net/capes/{USERNAME}.png" }, { "name": "Wynntils", "type": "WynntilsAPI", "root": "https://athena.wynntils.com/user/getInfo" }, { "name": "CloakPlus", "type": "Legacy", "checkPNG": "false", "model": "auto", "cape": "http://161.35.130.99/capes/{USERNAME}.png" }, { "name": "Cosmetica", "type": "Legacy", "checkPNG": "false", "model": "auto", "cape": "https://api.cosmetica.cc/get/cloak?username={USERNAME}&uuid={STANDARD_UUID}&nothirdparty" }]
[2026-09-08 22:46:19] [Render thread/INFO] [CustomSkinLoader Core]: enableDynamicSkull : true
[2026-09-08 22:46:19] [Render thread/INFO] [CustomSkinLoader Core]: enableTransparentSkin : true
[2026-09-08 22:46:19] [Render thread/INFO] [CustomSkinLoader Core]: forceLoadAllTextures : true
[2026-09-08 22:46:19] [Render thread/INFO] [CustomSkinLoader Core]: enableCape : true
[2026-09-08 22:46:19] [Render thread/INFO] [CustomSkinLoader Core]: threadPoolSize : 8
[2026-09-08 22:46:19] [Render thread/INFO] [CustomSkinLoader Core]: enableLogStdOut : false
[2026-09-08 22:46:19] [Render thread/INFO] [CustomSkinLoader Core]: cacheExpiry : 30
[2026-09-08 22:46:19] [Render thread/INFO] [CustomSkinLoader Core]: forceUpdateSkull : false
[2026-09-08 22:46:19] [Render thread/INFO] [CustomSkinLoader Core]: enableLocalProfileCache : false
[2026-09-08 22:46:19] [Render thread/INFO] [CustomSkinLoader Core]: enableCacheAutoClean : false
[2026-09-08 22:46:19] [Render thread/INFO] [CustomSkinLoader Core]: forceDisableCache : false
[2026-09-08 22:46:19] [Player2/INFO] [CustomSkinLoader Core]: Loading Player2's profile.
[2026-09-08 22:46:19] [Player2/INFO] [CustomSkinLoader Core]: 1/14 Try to load profile from 'LocalSkin'.
[2026-09-08 22:46:19] [Player2/INFO] [CustomSkinLoader Core]: 2/14 Try to load profile from 'GameProfile'.
[2026-09-08 22:46:19] [Player2/INFO] [CustomSkinLoader Core]: 3/14 Try to load profile from 'Mojang'.
[2026-09-08 22:46:19] [Player2/DEBUG] [CustomSkinLoader Core]: Try to request 'https://api.mojang.com/profiles/minecraft'.
[2026-09-08 22:46:19] [Player2/INFO] [CustomSkinLoader Core]: Payload: ["Player2"]
[2026-09-08 22:46:19] [Player2/DEBUG] [CustomSkinLoader Core]: Successfully request (Response Code: 200 , Content Length: 73)
[2026-09-08 22:46:19] [Player2/DEBUG] [CustomSkinLoader Core]: Content: [ {
  "id" : "90aaa2c31e6741eeadd261b16a25eb02",
  "name" : "Player2"
} ]
[2026-09-08 22:46:19] [Player2/DEBUG] [CustomSkinLoader Core]: Try to request 'https://sessionserver.mojang.com/session/minecraft/profile/90aaa2c31e6741eeadd261b16a25eb02'.
[2026-09-08 22:46:19] [Player2/DEBUG] [CustomSkinLoader Core]: Successfully request (Response Code: 200 , Content Length: 533)
[2026-09-08 22:46:19] [Player2/DEBUG] [CustomSkinLoader Core]: Saved to cache (Length: 533 , Path: 'C:\Users\gibri\Downloads\fari\finalb\game\CustomSkinLoader\caches\e51b40825e8d0e79f35d70d3f90a69b131204cac' , Expire: 1788921999)
[2026-09-08 22:46:19] [Player2/DEBUG] [CustomSkinLoader Core]: Content: {
  "id" : "90aaa2c31e6741eeadd261b16a25eb02",
  "name" : "Player2",
  "properties" : [ {
    "name" : "textures",
    "value" : "ewogICJ0aW1lc3RhbXAiIDogMTc4ODkyMTk3ODY0MSwKICAicHJvZmlsZUlkIiA6ICI5MGFhYTJjMzFlNjc0MWVlYWRkMjYxYjE2YTI1ZWIwMiIsCiAgInByb2ZpbGVOYW1lIiA6ICJQbGF5ZXIyIiwKICAidGV4dHVyZXMiIDogewogICAgIlNLSU4iIDogewogICAgICAidXJsIiA6ICJodHRwOi8vdGV4dHVyZXMubWluZWNyYWZ0Lm5ldC90ZXh0dXJlL2FiNzRiMWQ1NzM2OWQ5N2U2NDY2NzBiYTkxNjljZDE4Yzc4YzYxZjJiYTE1NDE2OTAwYjMxMDljOTZlNDM0ZCIKICAgIH0KICB9Cn0="
  } ],
  "profileActions" : [ ]
}
[2026-09-08 22:46:19] [Player2/INFO] [CustomSkinLoader Core]: 4/14 Try to load profile from 'LittleSkin'.
[2026-09-08 22:46:19] [Player2/DEBUG] [CustomSkinLoader Core]: Try to request 'https://littleskin.cn/csl/Player2.json'.
[2026-09-08 22:46:20] [Player2/DEBUG] [CustomSkinLoader Core]: Successfully request (Response Code: 200 , Content Length: 2)
[2026-09-08 22:46:20] [Player2/DEBUG] [CustomSkinLoader Core]: Saved to cache (Length: 2 , Path: 'C:\Users\gibri\Downloads\fari\finalb\game\CustomSkinLoader\caches\8d0d8a122615c31effd86674132c71eb32d0b1de' , Ex[2026-09-08 22:46:21] [Player2/INFO] [CustomSkinLoader Core]: Loading Player2's profile.
[2026-09-08 22:46:21] [Player2/INFO] [CustomSkinLoader Core]: 1/14 Try to load profile from 'LocalSkin'.
[2026-09-08 22:46:21] [Player2/INFO] [CustomSkinLoader Core]: 2/14 Try to load profile from 'GameProfile'.
[2026-09-08 22:46:21] [Player2/INFO] [CustomSkinLoader Core]: 3/14 Try to load profile from 'Mojang'.
[2026-09-08 22:46:21] [Player2/DEBUG] [CustomSkinLoader Core]: Try to request 'https://api.mojang.com/profiles/minecraft'.
[2026-09-08 22:46:21] [Player2/INFO] [CustomSkinLoader Core]: Payload: ["Player2"]
[2026-09-08 22:46:22] [Player2/DEBUG] [CustomSkinLoader Core]: Successfully request (Response Code: 200 , Content Length: 73)
[2026-09-08 22:46:22] [Player2/DEBUG] [CustomSkinLoader Core]: Content: [ {
  "id" : "90aaa2c31e6741eeadd261b16a25eb02",
  "name" : "Player2"
} ]
[2026-09-08 22:46:22] [Player2/DEBUG] [CustomSkinLoader Core]: Try to request 'https://sessionserver.mojang.com/session/minecraft/profile/90aaa2c31e6741eeadd261b16a25eb02'.
[2026-09-08 22:46:22] [Player2/DEBUG] [CustomSkinLoader Core]: Cache file found (Length: 533 , Path: 'C:\Users\gibri\Downloads\fari\finalb\game\CustomSkinLoader\caches\e51b40825e8d0e79f35d70d3f90a69b131204cac' , Expire: 1788921999)
[2026-09-08 22:46:22] [Player2/INFO] [CustomSkinLoader Core]: Try to load from cache 'C:\Users\gibri\Downloads\fari\finalb\game\CustomSkinLoader\caches\e51b40825e8d0e79f35d70d3f90a69b131204cac'.
[2026-09-08 22:46:23] [Player2/DEBUG] [CustomSkinLoader Core]: Successfully load from cache
[2026-09-08 22:46:23] [Player2/DEBUG] [CustomSkinLoader Core]: Content: {
  "id" : "90aaa2c31e6741eeadd261b16a25eb02",
  "name" : "Player2",
  "properties" : [ {
    "name" : "textures",
    "value" : "ewogICJ0aW1lc3RhbXAiIDogMTc4ODkyMTk3ODY0MSwKICAicHJvZmlsZUlkIiA6ICI5MGFhYTJjMzFlNjc0MWVlYWRkMjYxYjE2YTI1ZWIwMiIsCiAgInByb2ZpbGVOYW1lIiA6ICJQbGF5ZXIyIiwKICAidGV4dHVyZXMiIDogewogICAgIlNLSU4iIDogewogICAgICAidXJsIiA6ICJodHRwOi8vdGV4dHVyZXMubWluZWNyYWZ0Lm5ldC90ZXh0dXJlL2FiNzRiMWQ1NzM2OWQ5N2U2NDY2NzBiYTkxNjljZDE4Yzc4YzYxZjJiYTE1NDE2OTAwYjMxMDljOTZlNDM0ZCIKICAgIH0KICB9Cn0="
  } ],
  "profileActions" : [ ]
}
[2026-09-08 22:46:23] [Player2/INFO] [CustomSkinLoader Core]: 4/14 Try to load profile from 'LittleSkin'.
[2026-09-08 22:46:23] [Player2/DEBUG] [CustomSkinLoader Core]: Try to request 'https://littleskin.cn/csl/Player2.json'.
[2026-09-08 22:46:23] [Player2/DEBUG] [CustomSkinLoader Core]: Cache file found (Length: 2 , Path: 'C:\Users\gibri\Downloads\fari\finalb\game\CustomSkinLoader\caches\8d0d8a122615c31effd86674132c71eb32d0b1de' , Expire: 1788922073)
[2026-09-08 22:46:23] [Player2/INFO] [CustomSkinLoader Core]: Try to load from cache 'C:\Users\gibri\Downloads\fari\finalb\game\CustomSkinLoader\caches\8d0d8a122615c31effd86674132c71eb32d0b1de'.
[2026-09-08 22:46:23] [Player2/DEBUG] [CustomSkinLoader Core]: Successfully load from cache
[2026-09-08 22:46:23] [Player2/DEBUG] [CustomSkinLoader Core]: Content: {}
[2026-09-08 22:46:23] [Player2/INFO] [CustomSkinLoader Core]: Both skin and cape not found.
[2026-09-08 22:46:23] [Player2/INFO] [CustomSkinLoader Core]: 5/14 Try to load profile from 'BlessingSkin'.
[2026-09-08 22:46:23] [Player2/DEBUG] [CustomSkinLoader Core]: Try to request 'https://skin.prinzeugen.net/Player2.json'.
[2026-09-08 22:46:24] [Player2/DEBUG] [CustomSkinLoader Core]: Failed to request (Response Code: 404)
[2026-09-08 22:46:24] [Player2/INFO] [CustomSkinLoader Core]: Profile not found.
[2026-09-08 22:46:24] [Player2/INFO] [CustomSkinLoader Core]: 6/14 Try to load profile from 'ElyBy'.
[2026-09-08 22:46:24] [Player2/DEBUG] [CustomSkinLoader Core]: Try to request 'http://skinsystem.ely.by/textures/Player2'.
[2026-09-08 22:46:24] [Player2/DEBUG] [CustomSkinLoader Core]: Cache file found (Length: 0 , Path: 'C:\Users\gibri\Downloads\fari\finalb\game\CustomSkinLoader\caches\c21ef43759611095d70c5744dd9e554225499401' , Expire: 1788925582)
[2026-09-08 22:46:24] [Player2/INFO] [CustomSkinLoader Core]: Try to load from cache 'C:\Users\gibri\Downloads\fari\finalb\game\CustomSkinLoader\caches\c21ef43759611095d70c5744dd9e554225499401'.
[2026-09-08 22:46:24] [Player2/DEBUG] [CustomSkinLoader Core]: Successfully load from cache
[2026-09-08 22:46:24] [Player2/DEBUG] [CustomSkinLoader Core]: Content: 
[2026-09-08 22:46:24] [Player2/INFO] [CustomSkinLoader Core]: Profile not found.
[2026-09-08 22:46:24] [Player2/INFO] [CustomSkinLoader Core]: 7/14 Try to load profile from 'SkinMe'.
[2026-09-08 22:46:24] [Player2/DEBUG] [CustomSkinLoader Core]: Try to request 'http://www.skinme.cc/uniskin/Player2.json'.
[2026-09-08 22:46:24] [Player2/DEBUG] [CustomSkinLoader Core]: Failed to request http://www.skinme.cc/uniskin/Player2.json (Exception: java.net.UnknownHostException: www.skinme.cc)
[2026-09-08 22:46:24] [Player2/INFO] [CustomSkinLoader Core]: Profile not found.
[2026-09-08 22:46:24] [Player2/INFO] [CustomSkinLoader Core]: 8/14 Try to load profile from 'TLauncher'.
[2026-09-08 22:46:24] [Player2/DEBUG] [CustomSkinLoader Core]: Try to request 'https://auth.tlauncher.org/skin/profile/texture/login/Player2'.
[2026-09-08 22:46:24] [Player2/DEBUG] [CustomSkinLoader Core]: Cache file found (Length: 112 , Path: 'C:\Users\gibri\Downloads\fari\finalb\game\CustomSkinLoader\caches\0648471ad2110f4198fad80bb28a9e2126c2581c' , Expire: 1788922072)
[2026-09-08 22:46:24] [Player2/INFO] [CustomSkinLoader Core]: Try to load from cache 'C:\Users\gibri\Downloads\fari\finalb\game\CustomSkinLoader\caches\0648471ad2110f4198fad80bb28a9e2126c2581c'.
[2026-09-08 22:46:24] [Player2/DEBUG] [CustomSkinLoader Core]: Successfully load from cache
[2026-09-08 22:46:24] [Player2/DEBUG] [CustomSkinLoader Core]: Content: {"SKIN":{"url":"http://auth.tlauncher.org/skin/fileservice/skins/skin_player2.png","metadata":{"model":"slim"}}}
[2026-09-08 22:46:24] [Player2/INFO] [CustomSkinLoader Core]: 9/14 Try to load profile from 'GlitchlessGames'.
[2026-09-08 22:46:24] [Player2/DEBUG] [CustomSkinLoader Core]: Try to request 'https://games.glitchless.ru/api/minecraft/users/profiles/textures/?nickname=Player2'.
[2026-09-08 22:46:25] [Player2/DEBUG] [CustomSkinLoader Core]: Failed to request (Response Code: 404)
[2026-09-08 22:46:25] [Player2/INFO] [CustomSkinLoader Core]: Profile not found.
[2026-09-08 22:46:25] [Player2/INFO] [CustomSkinLoader Core]: 10/14 Try to load profile from 'MinecraftCapes'.
[2026-09-08 22:46:25] [Player2/DEBUG] [CustomSkinLoader Core]: Try to request 'https://api.minecraftcapes.net/p[2026-09-08 22:46:34] [Player/INFO] [CustomSkinLoader Core]: Loading Player's profile.
[2026-09-08 22:46:34] [Player/INFO] [CustomSkinLoader Core]: 1/14 Try to load profile from 'LocalSkin'.
[2026-09-08 22:46:34] [Player/INFO] [CustomSkinLoader Core]: 2/14 Try to load profile from 'GameProfile'.
[2026-09-08 22:46:34] [Player/INFO] [CustomSkinLoader Core]: 3/14 Try to load profile from 'Mojang'.
[2026-09-08 22:46:34] [Player/DEBUG] [CustomSkinLoader Core]: Try to request 'https://api.mojang.com/profiles/minecraft'.
[2026-09-08 22:46:34] [Player/INFO] [CustomSkinLoader Core]: Payload: ["Player"]
[2026-09-08 22:46:34] [Player/DEBUG] [CustomSkinLoader Core]: Successfully request (Response Code: 200 , Content Length: 72)
[2026-09-08 22:46:34] [Player/DEBUG] [CustomSkinLoader Core]: Content: [ {
  "id" : "bd346dd5ac1c427d87e873bdd4bf3e13",
  "name" : "Player"
} ]
[2026-09-08 22:46:34] [Player/DEBUG] [CustomSkinLoader Core]: Try to request 'https://sessionserver.mojang.com/session/minecraft/profile/bd346dd5ac1c427d87e873bdd4bf3e13'.
[2026-09-08 22:46:34] [Player/DEBUG] [CustomSkinLoader Core]: Successfully request (Response Code: 200 , Content Length: 720)
[2026-09-08 22:46:34] [Player/DEBUG] [CustomSkinLoader Core]: Saved to cache (Length: 720 , Path: 'C:\Users\gibri\Downloads\fari\finalb\game\CustomSkinLoader\caches\81e782dcbd0e11c0128608024f528c23f91574f2' , Expire: 1788922014)
[2026-09-08 22:46:34] [Player/DEBUG] [CustomSkinLoader Core]: Content: {
  "id" : "bd346dd5ac1c427d87e873bdd4bf3e13",
  "name" : "Player",
  "properties" : [ {
    "name" : "textures",
    "value" : "ewogICJ0aW1lc3RhbXAiIDogMTc4ODkyMTk5MzQxOSwKICAicHJvZmlsZUlkIiA6ICJiZDM0NmRkNWFjMWM0MjdkODdlODczYmRkNGJmM2UxMyIsCiAgInByb2ZpbGVOYW1lIiA6ICJQbGF5ZXIiLAogICJ0ZXh0dXJlcyIgOiB7CiAgICAiU0tJTiIgOiB7CiAgICAgICJ1cmwiIDogImh0dHA6Ly90ZXh0dXJlcy5taW5lY3JhZnQubmV0L3RleHR1cmUvNjBhNWJkMDE2YjNjOWExYjkyNzJlNDkyOWUzMDgyN2E2N2JlNGViYjIxOTAxN2FkYmJjNGE0ZDIyZWJkNWIxIgogICAgfSwKICAgICJDQVBFIiA6IHsKICAgICAgInVybCIgOiAiaHR0cDovL3RleHR1cmVzLm1pbmVjcmFmdC5uZXQvdGV4dHVyZS8yMzQwYzBlMDNkZDI0YTExYjE1YThiMzNjMmE3ZTllMzJhYmIyMDUxYjI0ODFkMGJhN2RlZmQ2MzVjYTdhOTMzIgogICAgfQogIH0KfQ=="
  } ],
  "profileActions" : [ ]
}
[2026-09-08 22:46:34] [Player/INFO] [CustomSkinLoader Core]: Player's profile loaded.
[2026-09-08 22:46:34] [Player/INFO] [CustomSkinLoader Core]: (SkinUrl: (LOCAL_LEGACY)218d0ac1c65f2d64c732edac12134bdab1caedcf,LocalSkin/skins/Player.png , Model: auto , CapeUrl: http://textures.minecraft.net/texture/2340c0e03dd24a11b15a8b33c2a7e9e32abb2051b2481d0ba7defd635ca7a933  , Expiry: 1788922024)
aaa2c3-1e67-41ee-add2-61b16a25eb02&nothirdparty'.
[2026-09-08 22:46:26] [Player2/DEBUG] [CustomSkinLoader Core]: Cache file found (Length: 8227 , Path: 'C:\Users\gibri\Downloads\fari\finalb\game\CustomSkinLoader\caches\fd4d4f683c38c656dfc35b328082890a61683953' , Expire: 1789526784)
[2026-09-08 22:46:26] [Player2/INFO] [CustomSkinLoader Core]: Player2's profile loaded.
[2026-09-08 22:46:26] [Player2/INFO] [CustomSkinLoader Core]: (SkinUrl: (LOCAL_LEGACY)c271be37ad8d7d4f3b360870f5a9ae2ea3349eec,LocalSkin/skins/Player2.png , Model: auto , CapeUrl: (LEGACY)https://api.cosmetica.cc/get/cloak?username=Player2&uuid=90aaa2c3-1e67-41ee-add2-61b16a25eb02&nothirdparty  , Expiry: 1788922016)
